WorkData/PDT/data/amw/dtest/mf920901_042.m##20.4
WorkData/PDT/data/amw/dtest/mf920901_042.m##20.4
WorkData/PDT/data/amw/dtest/mf920901_042.m##20.4
WorkData/PDT/data/amw/dtest/mf920901_042.m##20.4
WorkData/PDT/data/amw/dtest/mf920901_042.m##20.4
WorkData/PDT/data/amw/dtest/vesm9212_019.m##22.4
WorkData/PDT/data/amw/dtest/vesm9212_049.p/vesm9212_049_JI.m##183.3
WorkData/PDT/data/amw/dtest/vesm9301_007.p/vesm9301_007_JI.m##12.8
WorkData/PDT/data/amw/dtest/vesm9301_047.m##155.12
WorkData/PDT/data/amw/etest/mf920902_012.m##3.7
WorkData/PDT/data/amw/train-1/ln95041_021.m##29.13
WorkData/PDT/data/amw/train-2/cmpr9406_032.m##13.13
WorkData/PDT/data/amw/train-2/vesm9303_048.m##10.6
WorkData/PDT/data/amw/train-3/cmpr9416_006.m##24.7
WorkData/PDT/data/amw/train-5/cmpr9417_030.m##1.7
WorkData/PDT/data/amw/train-5/lnd94101_986.m##4.10
WorkData/PDT/data/amw/train-7/ln95041_047.m##4.10
WorkData/PDT/data/amw/train-8/cmpr9416_001.m##20.1
WorkData/PDT/data/amw/train-8/cmpr9416_001.m##20.3
WorkData/PDT/data/amw/train-8/cmpr9416_001.m##20.4
WorkData/PDT/data/amw/train-8/cmpr9416_001.m##29.18
WorkData/PDT/data/amw/train-8/cmpr9416_001.m##30.19
WorkData/PDT/data/amw/train-8/cmpr9416_001.m##31.8
WorkData/PDT/data/amw/train-8/cmpr9416_001.m##33.4
WorkData/PDT/data/amw/train-8/cmpr9416_001.m##33.14
WorkData/PDT/data/amw/train-8/ln95040_058.m##3.18
WorkData/PDT/data/amw/train-8/ln95040_058.m##21.5
WorkData/PDT/data/amw/train-8/ln95040_098.m##2.17
WorkData/PDT/data/amw/train-8/ln95040_098.m##4.5
WorkData/PDT/data/amw/train-8/ln95040_098.m##4.6
WorkData/PDT/data/amw/train-8/ln95040_098.m##4.8
WorkData/PDT/data/amw/train-8/ln95040_098.m##5.6
WorkData/PDT/data/amw/train-8/ln95040_098.m##5.18
WorkData/PDT/data/amw/train-8/ln95040_098.m##7.5
WorkData/PDT/data/amw/train-8/ln95042_045.m##3.10
WorkData/PDT/data/amw/train-8/ln95042_045.m##5.5
WorkData/PDT/data/amw/train-8/ln95042_045.m##8.2
WorkData/PDT/data/amw/train-8/ln95043_089.m##3.9
WorkData/PDT/data/amw/train-8/ln95043_089.m##41.16
WorkData/PDT/data/amw/train-8/ln95043_089.m##41.17
WorkData/PDT/data/amw/train-8/ln95043_089.m##41.18
WorkData/PDT/data/amw/train-8/ln95043_089.m##45.20
WorkData/PDT/data/amw/train-8/ln95043_089.m##45.22
WorkData/PDT/data/amw/train-8/ln95043_089.m##45.33
WorkData/PDT/data/amw/train-8/ln95043_089.m##45.34
WorkData/PDT/data/amw/train-8/ln95043_089.m##45.35
WorkData/PDT/data/amw/train-8/ln95044_044.m##6.5
WorkData/PDT/data/amw/train-8/ln95044_044.m##91.3
WorkData/PDT/data/amw/train-8/lnd91301_003.m##42.20
WorkData/PDT/data/amw/train-8/lnd91301_074.m##2.13
WorkData/PDT/data/amw/train-8/lnd91303_038.m##6.3
WorkData/PDT/data/amw/train-8/lnd91303_038.m##6.5
WorkData/PDT/data/amw/train-8/lnd94101_048.m##27.13
WorkData/PDT/data/amw/train-8/lnd94101_100.m##4.3
WorkData/PDT/data/amw/train-8/lnd94101_110.m##12.1
WorkData/PDT/data/amw/train-8/lnd94101_110.m##12.13
WorkData/PDT/data/amw/train-8/lnd94101_110.m##13.3
WorkData/PDT/data/amw/train-8/lnd94101_110.m##16.13
WorkData/PDT/data/amw/train-8/lnd94101_110.m##21.12
WorkData/PDT/data/amw/train-8/lnd94104_063.m##50.8
WorkData/PDT/data/amw/train-8/lnd94104_093.m##4.20
WorkData/PDT/data/amw/train-8/lnd94104_093.m##4.21
WorkData/PDT/data/amw/train-8/lnd94104_093.m##4.22
WorkData/PDT/data/amw/train-8/lnd94104_093.m##5.17
WorkData/PDT/data/amw/train-8/lnd94104_093.m##5.18
WorkData/PDT/data/amw/train-8/lnd94104_093.m##5.26
WorkData/PDT/data/amw/train-8/lnd94104_093.m##7.11
WorkData/PDT/data/amw/train-8/lnd94104_093.m##7.12
WorkData/PDT/data/amw/train-8/lnd94104_093.m##15.10
WorkData/PDT/data/amw/train-8/mf920901_121.m##2.7
WorkData/PDT/data/amw/train-8/mf920901_121.m##7.13
WorkData/PDT/data/amw/train-8/mf920923_015.m##2.35
WorkData/PDT/data/amw/train-8/mf920923_077.m##2.3
WorkData/PDT/data/amw/train-8/vesm9301_036.m##70.7
WorkData/PDT/data/amw/train-8/vesm9301_036.m##93.89
WorkData/PDT/data/mw/dtest/lnd92253_049.m##25.22
WorkData/PDT/data/mw/dtest/lnd92254_008.m##19.1
WorkData/PDT/data/mw/dtest/lnd92255_114.m##10.39
WorkData/PDT/data/mw/dtest/lnd92256_065.m##5.20
WorkData/PDT/data/mw/dtest/lnd92256_065.m##15.22
WorkData/PDT/data/mw/dtest/lnd92258_076.m##46.49
WorkData/PDT/data/mw/dtest/mf930708_138.m##1.1
WorkData/PDT/data/mw/etest/ln94201_107.m##26.1
WorkData/PDT/data/mw/etest/ln94201_56.m##14.5
WorkData/PDT/data/mw/etest/lnd92253_080.m##4.1
WorkData/PDT/data/mw/etest/mf930701_073.m##23.3
WorkData/PDT/data/mw/etest/mf930708_069.m##57.4
WorkData/PDT/data/mw/train-1/lnd92254_050.m##4.15
WorkData/PDT/data/mw/train-2/lnd92253_062.m##85.12
WorkData/PDT/data/mw/train-2/lnd92255_117.m##62.20
WorkData/PDT/data/mw/train-2/lnd92257_010.m##19.11
WorkData/PDT/data/mw/train-2/lnd92258_079.m##18.5
WorkData/PDT/data/mw/train-2/lnd92258_079.m##46.3
WorkData/PDT/data/mw/train-3/lnd92252_060.m##6.41
WorkData/PDT/data/mw/train-3/lnd92256_039.m##21.7
WorkData/PDT/data/mw/train-3/lnd92256_059.m##10.17
WorkData/PDT/data/mw/train-3/lnd92256_099.m##22.17
WorkData/PDT/data/mw/train-3/mf930701_056.m##17.1
WorkData/PDT/data/mw/train-3/mf930701_086.m##12.5
WorkData/PDT/data/mw/train-3/mf930702_106.m##12.19
WorkData/PDT/data/mw/train-3/mf930708_122.m##13.6
WorkData/PDT/data/mw/train-4/lnd92255_079.m##8.2
WorkData/PDT/data/mw/train-4/lnd92255_079.m##10.2
WorkData/PDT/data/mw/train-4/mf930703_119.m##1.3
WorkData/PDT/data/mw/train-5/lnd92253_025.m##7.15
WorkData/PDT/data/mw/train-5/lnd92254_075.m##7.6
WorkData/PDT/data/mw/train-5/lnd92257_043.m##6.5
WorkData/PDT/data/mw/train-5/lnd92259_097.m##46.16
WorkData/PDT/data/mw/train-5/mf930703_090.m##25.12
WorkData/PDT/data/mw/train-6/ln94201_103.m##12.19
WorkData/PDT/data/mw/train-6/lnd92251_039.m##4.10
WorkData/PDT/data/mw/train-6/lnd92254_025.m##6.33
WorkData/PDT/data/mw/train-7/lnd92251_060.m##24.31
WorkData/PDT/data/mw/train-7/lnd92253_087.m##12.14
WorkData/PDT/data/mw/train-7/lnd92256_103.m##7.55
WorkData/PDT/data/mw/train-8/lnd92252_085.m##47.6
WorkData/PDT/data/tamw/dtest/cmpr9413_037.m##2.5
WorkData/PDT/data/tamw/dtest/ln94200_72.m##4.17
WorkData/PDT/data/tamw/dtest/ln95048_012.m##3.15
WorkData/PDT/data/tamw/dtest/ln95048_160.m##3.9
WorkData/PDT/data/tamw/dtest/mf920925_094.m##5.15
WorkData/PDT/data/tamw/dtest/mf920925_104.m##9.14
WorkData/PDT/data/tamw/train-1/cmpr9410_001.p/cmpr9410_001_JI.m##27.18
WorkData/PDT/data/tamw/train-1/cmpr9413_049.m##6.7
WorkData/PDT/data/tamw/train-1/ln94200_123.p/ln94200_123_JI.m##3.24
WorkData/PDT/data/tamw/train-1/ln94200_123.p/ln94200_123_JI.m##3.27
WorkData/PDT/data/tamw/train-1/ln94200_123.p/ln94200_123_JI.m##3.29
WorkData/PDT/data/tamw/train-1/ln94200_123.p/ln94200_123_JI.m##20.28
WorkData/PDT/data/tamw/train-1/ln94200_123.p/ln94200_123_JI.m##20.29
WorkData/PDT/data/tamw/train-1/ln94200_123.p/ln94200_123_JI.m##20.37
WorkData/PDT/data/tamw/train-1/ln94200_123.p/ln94200_123_JI.m##20.38
WorkData/PDT/data/tamw/train-1/ln94200_123.p/ln94200_123_JI.m##27.13
WorkData/PDT/data/tamw/train-1/ln94200_141.m##8.4
WorkData/PDT/data/tamw/train-1/ln94200_74.m##3.27
WorkData/PDT/data/tamw/train-1/ln94202_93.m##1.2
WorkData/PDT/data/tamw/train-1/ln94202_93.m##10.8
WorkData/PDT/data/tamw/train-1/ln94203_101.m##14.2
WorkData/PDT/data/tamw/train-1/ln94204_41.m##2.3
WorkData/PDT/data/tamw/train-1/ln94204_96.m##8.2
WorkData/PDT/data/tamw/train-1/ln94205_104.m##8.2
WorkData/PDT/data/tamw/train-1/ln94205_131.m##2.4
WorkData/PDT/data/tamw/train-1/ln94205_131.m##7.4
WorkData/PDT/data/tamw/train-1/ln94205_140.m##5.2
WorkData/PDT/data/tamw/train-1/ln94207_119.m##2.3
WorkData/PDT/data/tamw/train-1/ln94208_11.m##14.27
WorkData/PDT/data/tamw/train-1/ln94208_11.m##36.20
WorkData/PDT/data/tamw/train-1/ln94208_129.m##13.12
WorkData/PDT/data/tamw/train-1/ln94209_41.m##8.9
WorkData/PDT/data/tamw/train-1/ln94210_113.m##3.5
WorkData/PDT/data/tamw/train-1/ln94210_122.m##26.11
WorkData/PDT/data/tamw/train-1/ln94210_131.m##19.3
WorkData/PDT/data/tamw/train-1/ln94210_17.m##6.19
WorkData/PDT/data/tamw/train-1/ln94210_17.m##7.4
WorkData/PDT/data/tamw/train-1/ln94211_17.m##4.11
WorkData/PDT/data/tamw/train-1/ln94211_9.m##74.2
WorkData/PDT/data/tamw/train-1/ln95045_030.m##9.20
WorkData/PDT/data/tamw/train-1/ln95045_060.m##3.18
WorkData/PDT/data/tamw/train-1/ln95046_035.m##7.15
WorkData/PDT/data/tamw/train-1/ln95046_115.p/ln95046_115_PK.m##1.4
WorkData/PDT/data/tamw/train-1/ln95047_041.m##2.19
WorkData/PDT/data/tamw/train-1/ln95047_051.m##10.12
WorkData/PDT/data/tamw/train-1/ln95047_061.m##99.9
WorkData/PDT/data/tamw/train-1/ln95047_081.m##4.35
WorkData/PDT/data/tamw/train-1/ln95048_062.m##10.12
WorkData/PDT/data/tamw/train-1/ln95049_027.m##4.11
WorkData/PDT/data/tamw/train-1/ln95049_037.m##3.7
WorkData/PDT/data/tamw/train-1/ln95049_037.m##19.9
WorkData/PDT/data/tamw/train-1/mf930709_023.m##2.3
WorkData/PDT/data/tamw/train-1/mf930713_035.m##3.55
WorkData/PDT/data/tamw/train-1/mf930713_035.m##3.85
WorkData/PDT/data/tamw/train-2/cmpr9410_032.m##9.28
WorkData/PDT/data/tamw/train-2/ln94200_142.m##19.4
WorkData/PDT/data/tamw/train-2/ln94200_151.m##23.2
WorkData/PDT/data/tamw/train-2/ln94200_17.m##6.2
WorkData/PDT/data/tamw/train-2/ln94203_13.m##2.3
WorkData/PDT/data/tamw/train-2/ln94204_106.m##8.4
WorkData/PDT/data/tamw/train-2/ln94204_124.m##3.3
WorkData/PDT/data/tamw/train-2/ln94204_124.m##3.7
WorkData/PDT/data/tamw/train-2/ln94208_59.m##13.24
WorkData/PDT/data/tamw/train-2/ln94210_72.m##1.2
WorkData/PDT/data/tamw/train-2/ln94211_126.m##2.3
WorkData/PDT/data/tamw/train-2/ln95046_116.m##5.1
WorkData/PDT/data/tamw/train-2/ln95047_082.m##8.4
WorkData/PDT/data/tamw/train-2/ln95049_098.m##1.3
WorkData/PDT/data/tamw/train-2/mf930713_006.m##4.18
WorkData/PDT/data/tamw/train-3/cmpr9415_059.m##11.17
WorkData/PDT/data/tamw/train-3/ln94209_70.m##3.11
WorkData/PDT/data/tamw/train-3/ln95049_049.m##9.9
WorkData/PDT/data/tamw/train-4/cmpr9413_012.m##18.5
WorkData/PDT/data/tamw/train-4/cmpr9413_052.m##50.17
WorkData/PDT/data/tamw/train-4/ln95047_024.m##16.25
WorkData/PDT/data/tamw/train-5/cmpr9410_045.m##27.12
WorkData/PDT/data/tamw/train-5/ln95045_124.m##14.24
WorkData/PDT/data/tamw/train-5/ln95048_046.m##4.22
WorkData/PDT/data/tamw/train-5/ln95048_046.m##12.13
WorkData/PDT/data/tamw/train-5/lnd94103_049.m##6.63
WorkData/PDT/data/tamw/train-5/mf930709_048.m##6.26
WorkData/PDT/data/tamw/train-6/ln94200_164.m##12.5
WorkData/PDT/data/tamw/train-6/ln94202_123.m##22.17
WorkData/PDT/data/tamw/train-6/ln94204_146.m##5.1
WorkData/PDT/data/tamw/train-6/ln94207_88.m##19.12
WorkData/PDT/data/tamw/train-6/ln95048_047.m##5.13
WorkData/PDT/data/tamw/train-7/ln94203_84.m##5.8
WorkData/PDT/data/tamw/train-7/ln94207_8.m##4.1
WorkData/PDT/data/tamw/train-7/ln94208_106.m##37.6
WorkData/PDT/data/tamw/train-7/mf930709_101.m##12.8
WorkData/PDT/data/tamw/train-7/mf930709_101.m##12.16
WorkData/PDT/data/tamw/train-8/ln95045_057.m##10.12
WorkData/PDT/data/tamw/train-8/ln95045_057.m##10.18
WorkData/PDT/data/tamw/train-8/ln95049_114.m##8.13
