WorkData/PDTSC/data/ak_020.00.m##21.3
WorkData/PDTSC/data/ak_020.00.m##21.3
WorkData/PDTSC/data/ak_020.00.m##21.3
WorkData/PDTSC/data/ak_020.00.m##21.3
WorkData/PDTSC/data/ak_020.00.m##21.3
WorkData/PDTSC/data/ak_020.00.m##21.3
WorkData/PDTSC/data/ak_020.00.m##21.3
WorkData/PDTSC/data/ak_020.00.m##21.3
WorkData/PDTSC/data/ak_020.00.m##21.3
WorkData/PDTSC/data/ak_020.00.m##21.3
WorkData/PDTSC/data/ak_020.00.m##21.3
WorkData/PDTSC/data/ak_020.06.m##49.27
WorkData/PDTSC/data/ak_020.10.m##26.12
WorkData/PDTSC/data/ak_020.13.m##46.8
WorkData/PDTSC/data/ak_020.13.m##47.5
WorkData/PDTSC/data/ak_041.01.m##18.6
WorkData/PDTSC/data/ak_041.01.m##36.1
WorkData/PDTSC/data/ak_041.03.m##2.17
WorkData/PDTSC/data/ak_041.05.m##4.6
WorkData/PDTSC/data/ak_041.07.m##49.3
WorkData/PDTSC/data/ak_041.09.m##38.6
WorkData/PDTSC/data/ak_042.00.m##18.4
WorkData/PDTSC/data/ak_042.00.m##35.4
WorkData/PDTSC/data/ak_042.02.m##6.2
WorkData/PDTSC/data/ak_042.02.m##50.4
WorkData/PDTSC/data/ak_042.06.m##29.5
WorkData/PDTSC/data/ak_042.08.m##25.8
WorkData/PDTSC/data/ak_042.09.m##28.10
WorkData/PDTSC/data/ak_042.10.m##32.10
WorkData/PDTSC/data/ak_042.10.m##42.3
WorkData/PDTSC/data/ak_042.11.m##6.10
WorkData/PDTSC/data/ak_042.11.m##28.11
WorkData/PDTSC/data/ak_045.00.m##25.8
WorkData/PDTSC/data/ak_045.01.m##31.10
WorkData/PDTSC/data/ak_045.02.m##49.3
WorkData/PDTSC/data/ak_045.05.m##3.5
WorkData/PDTSC/data/ak_045.06.m##5.5
WorkData/PDTSC/data/ak_045.06.m##31.5
WorkData/PDTSC/data/ak_045.07.m##4.1
WorkData/PDTSC/data/ak_045.09.m##8.3
WorkData/PDTSC/data/ak_045.09.m##39.4
WorkData/PDTSC/data/ak_045.09.m##39.5
WorkData/PDTSC/data/ak_045.09.m##41.7
WorkData/PDTSC/data/ak_045.10.m##34.9
WorkData/PDTSC/data/ak_045.11.m##4.5
WorkData/PDTSC/data/ak_045.11.m##17.1
WorkData/PDTSC/data/ak_045.11.m##43.6
WorkData/PDTSC/data/ak_046.01.m##23.3
WorkData/PDTSC/data/ak_046.04.m##4.3
WorkData/PDTSC/data/ak_046.06.m##45.8
WorkData/PDTSC/data/ak_046.09.m##46.1
WorkData/PDTSC/data/ak_046.10.m##13.4
WorkData/PDTSC/data/ak_047.00.m##15.11
WorkData/PDTSC/data/ak_047.02.m##41.12
WorkData/PDTSC/data/ak_047.02.m##42.5
WorkData/PDTSC/data/ak_047.03.m##28.5
WorkData/PDTSC/data/ak_047.04.m##18.6
WorkData/PDTSC/data/ak_047.08.m##33.13
WorkData/PDTSC/data/ak_047.12.m##30.7
WorkData/PDTSC/data/ak_051.03.m##45.12
WorkData/PDTSC/data/ak_051.03.m##46.4
WorkData/PDTSC/data/ak_051.03.m##46.12
WorkData/PDTSC/data/ak_051.04.m##1.5
WorkData/PDTSC/data/ak_051.04.m##4.10
WorkData/PDTSC/data/ak_051.04.m##4.23
WorkData/PDTSC/data/ak_051.07.m##2.9
WorkData/PDTSC/data/ak_051.07.m##5.5
WorkData/PDTSC/data/ak_051.08.m##44.3
WorkData/PDTSC/data/ak_051.10.m##33.10
WorkData/PDTSC/data/ak_051.10.m##36.3
WorkData/PDTSC/data/ak_051.10.m##39.5
WorkData/PDTSC/data/ak_054.01.m##7.1
WorkData/PDTSC/data/ak_054.02.m##31.2
WorkData/PDTSC/data/ak_054.04.m##46.14
WorkData/PDTSC/data/ak_054.05.m##5.12
WorkData/PDTSC/data/ak_054.07.m##47.1
WorkData/PDTSC/data/ak_054.08.m##20.3
WorkData/PDTSC/data/ak_054.08.m##22.3
WorkData/PDTSC/data/ak_054.10.m##47.7
WorkData/PDTSC/data/ak_054.11.m##35.6
WorkData/PDTSC/data/ak_056.00.m##41.10
WorkData/PDTSC/data/ak_056.03.m##9.15
WorkData/PDTSC/data/ak_056.06.m##15.4
WorkData/PDTSC/data/ak_056.06.m##17.8
WorkData/PDTSC/data/ak_056.06.m##17.12
WorkData/PDTSC/data/ak_056.06.m##49.2
WorkData/PDTSC/data/ak_056.07.m##37.2
WorkData/PDTSC/data/ak_056.09.m##44.4
WorkData/PDTSC/data/ak_056.12.m##32.4
WorkData/PDTSC/data/ak_056.12.m##36.8
WorkData/PDTSC/data/ak_056.14.m##11.13
WorkData/PDTSC/data/ak_056.14.m##37.4
WorkData/PDTSC/data/ak_056.15.m##11.4
WorkData/PDTSC/data/ak_062.00.m##10.4
WorkData/PDTSC/data/ak_062.01.m##14.2
WorkData/PDTSC/data/ak_062.05.m##4.3
WorkData/PDTSC/data/ak_062.05.m##20.3
WorkData/PDTSC/data/ak_062.05.m##32.3
WorkData/PDTSC/data/ak_062.05.m##38.9
WorkData/PDTSC/data/ak_062.13.m##40.2
WorkData/PDTSC/data/ak_062.14.m##19.5
WorkData/PDTSC/data/ak_062.14.m##50.13
WorkData/PDTSC/data/ak_064.04.m##28.2
WorkData/PDTSC/data/ak_065.00.m##47.12
WorkData/PDTSC/data/ak_065.05.m##20.8
WorkData/PDTSC/data/ak_065.06.m##7.13
WorkData/PDTSC/data/ak_065.07.m##19.6
WorkData/PDTSC/data/ak_065.07.m##35.4
WorkData/PDTSC/data/ak_065.08.m##31.5
WorkData/PDTSC/data/ak_065.09.m##32.15
WorkData/PDTSC/data/ak_065.12.m##34.6
WorkData/PDTSC/data/ak_100.01.m##28.19
WorkData/PDTSC/data/ak_100.03.m##41.5
WorkData/PDTSC/data/ak_100.05.m##16.1
WorkData/PDTSC/data/ak_100.09.m##6.3
WorkData/PDTSC/data/ak_100.10.m##24.12
WorkData/PDTSC/data/ak_100.10.m##24.14
WorkData/PDTSC/data/ak_115.03.m##38.12
WorkData/PDTSC/data/ak_115.04.m##1.3
WorkData/PDTSC/data/ak_115.05.m##24.5
WorkData/PDTSC/data/ak_115.05.m##37.11
WorkData/PDTSC/data/ak_115.08.m##34.14
WorkData/PDTSC/data/ak_115.10.m##7.3
WorkData/PDTSC/data/ak_115.10.m##9.2
WorkData/PDTSC/data/ak_115.10.m##10.4
WorkData/PDTSC/data/ak_115.10.m##30.4
WorkData/PDTSC/data/ak_115.11.m##35.3
WorkData/PDTSC/data/ak_115.14.m##26.11
WorkData/PDTSC/data/ak_115.14.m##43.4
WorkData/PDTSC/data/ak_117.01.m##35.6
WorkData/PDTSC/data/ak_117.01.m##37.3
WorkData/PDTSC/data/ak_117.01.m##40.2
WorkData/PDTSC/data/ak_117.01.m##40.8
WorkData/PDTSC/data/ak_117.01.m##42.3
WorkData/PDTSC/data/ak_117.02.m##38.5
WorkData/PDTSC/data/ak_117.05.m##23.5
WorkData/PDTSC/data/ak_117.05.m##23.6
WorkData/PDTSC/data/ak_117.06.m##5.2
WorkData/PDTSC/data/ak_117.06.m##46.2
WorkData/PDTSC/data/ak_117.07.m##36.2
WorkData/PDTSC/data/ak_117.08.m##33.4
WorkData/PDTSC/data/ak_117.08.m##34.3
WorkData/PDTSC/data/ak_117.08.m##36.8
WorkData/PDTSC/data/ak_117.09.m##47.3
WorkData/PDTSC/data/ak_117.10.m##8.6
WorkData/PDTSC/data/ak_138.02.m##36.2
WorkData/PDTSC/data/ak_138.02.m##42.2
WorkData/PDTSC/data/ak_138.03.m##24.1
WorkData/PDTSC/data/ak_138.04.m##5.1
WorkData/PDTSC/data/ak_138.08.m##45.4
WorkData/PDTSC/data/ak_138.08.m##46.11
WorkData/PDTSC/data/ak_140.01.m##34.8
WorkData/PDTSC/data/ak_140.02.m##48.5
WorkData/PDTSC/data/ak_140.04.m##24.2
WorkData/PDTSC/data/ak_140.04.m##46.3
WorkData/PDTSC/data/ak_140.05.m##30.6
WorkData/PDTSC/data/ak_140.05.m##30.8
WorkData/PDTSC/data/ak_140.06.m##28.5
WorkData/PDTSC/data/ak_140.06.m##39.14
WorkData/PDTSC/data/ak_140.07.m##15.8
WorkData/PDTSC/data/ak_140.07.m##23.5
WorkData/PDTSC/data/ak_140.10.m##17.2
WorkData/PDTSC/data/ak_140.11.m##22.7
WorkData/PDTSC/data/ak_146.00.m##22.3
WorkData/PDTSC/data/ak_146.00.m##47.3
WorkData/PDTSC/data/ak_146.00.m##48.5
WorkData/PDTSC/data/ak_146.01.m##21.6
WorkData/PDTSC/data/ak_146.01.m##22.2
WorkData/PDTSC/data/ak_146.04.m##31.4
WorkData/PDTSC/data/ak_147.00.m##12.22
WorkData/PDTSC/data/ak_147.01.m##14.9
WorkData/PDTSC/data/ak_147.02.m##2.5
WorkData/PDTSC/data/ak_147.02.m##31.6
WorkData/PDTSC/data/ak_147.04.m##26.15
WorkData/PDTSC/data/ak_147.04.m##26.20
WorkData/PDTSC/data/ak_147.05.m##2.3
WorkData/PDTSC/data/ak_147.05.m##22.4
WorkData/PDTSC/data/ak_147.05.m##45.2
WorkData/PDTSC/data/ak_147.08.m##24.6
WorkData/PDTSC/data/ak_147.08.m##50.11
WorkData/PDTSC/data/ak_147.09.m##31.8
WorkData/PDTSC/data/ak_147.12.m##4.8
WorkData/PDTSC/data/ak_147.12.m##14.7
WorkData/PDTSC/data/ak_147.13.m##9.1
WorkData/PDTSC/data/ak_147.13.m##20.10
WorkData/PDTSC/data/ak_147.14.m##42.5
WorkData/PDTSC/data/ak_147.15.m##29.9
WorkData/PDTSC/data/ak_147.15.m##50.2
WorkData/PDTSC/data/ak_147.15.m##50.5
WorkData/PDTSC/data/ak_147.15.m##50.7
WorkData/PDTSC/data/ak_147.16.m##1.5
WorkData/PDTSC/data/dk_102.00.m##17.3
WorkData/PDTSC/data/dk_102.01.m##23.10
WorkData/PDTSC/data/dk_102.01.m##25.4
WorkData/PDTSC/data/dk_102.01.m##29.5
WorkData/PDTSC/data/dk_102.03.m##3.4
WorkData/PDTSC/data/dk_102.03.m##9.11
WorkData/PDTSC/data/dk_102.07.m##11.14
WorkData/PDTSC/data/dk_103.01.m##12.2
WorkData/PDTSC/data/dk_103.04.m##47.5
WorkData/PDTSC/data/dk_110.00.m##8.1
WorkData/PDTSC/data/dk_110.02.m##4.7
WorkData/PDTSC/data/dk_110.02.m##15.5
WorkData/PDTSC/data/dk_110.04.m##39.4
WorkData/PDTSC/data/dk_110.05.m##1.2
WorkData/PDTSC/data/dk_110.05.m##1.3
WorkData/PDTSC/data/dk_110.08.m##11.3
WorkData/PDTSC/data/dk_110.09.m##15.5
WorkData/PDTSC/data/dk_111.05.m##32.5
WorkData/PDTSC/data/dk_111.06.m##1.6
WorkData/PDTSC/data/dk_111.08.m##16.4
WorkData/PDTSC/data/dk_111.08.m##26.1
WorkData/PDTSC/data/dk_111.11.m##49.16
WorkData/PDTSC/data/dk_132.03.m##18.7
WorkData/PDTSC/data/dk_132.03.m##37.23
WorkData/PDTSC/data/dk_132.04.m##18.5
WorkData/PDTSC/data/dk_132.04.m##42.8
WorkData/PDTSC/data/dk_132.04.m##45.7
WorkData/PDTSC/data/dk_132.05.m##24.1
WorkData/PDTSC/data/dk_132.06.m##1.15
WorkData/PDTSC/data/dk_132.06.m##44.2
WorkData/PDTSC/data/dk_132.09.m##15.12
WorkData/PDTSC/data/dk_132.09.m##19.3
WorkData/PDTSC/data/ep_107.00.m##7.1
WorkData/PDTSC/data/ep_107.01.m##5.7
WorkData/PDTSC/data/ep_107.02.m##48.4
WorkData/PDTSC/data/ep_107.05.m##15.18
WorkData/PDTSC/data/ep_107.05.m##49.19
WorkData/PDTSC/data/ep_107.06.m##14.8
WorkData/PDTSC/data/ep_107.07.m##22.14
WorkData/PDTSC/data/ep_107.09.m##50.12
WorkData/PDTSC/data/ep_107.10.m##4.2
WorkData/PDTSC/data/ep_107.10.m##4.4
WorkData/PDTSC/data/ep_107.10.m##8.5
WorkData/PDTSC/data/ep_107.10.m##41.27
WorkData/PDTSC/data/ep_107.10.m##41.38
WorkData/PDTSC/data/ep_107.11.m##10.4
WorkData/PDTSC/data/ep_114.02.m##9.4
WorkData/PDTSC/data/ep_114.02.m##22.5
WorkData/PDTSC/data/ep_114.03.m##41.19
WorkData/PDTSC/data/ep_114.04.m##5.1
WorkData/PDTSC/data/ep_114.05.m##25.9
WorkData/PDTSC/data/ep_114.06.m##9.18
WorkData/PDTSC/data/ep_114.06.m##18.6
WorkData/PDTSC/data/ep_114.06.m##46.9
WorkData/PDTSC/data/ep_114.07.m##35.13
WorkData/PDTSC/data/ep_114.07.m##37.7
WorkData/PDTSC/data/ep_114.09.m##49.13
WorkData/PDTSC/data/ep_114.10.m##2.1
WorkData/PDTSC/data/ep_121.00.m##11.7
WorkData/PDTSC/data/ep_121.01.m##14.1
WorkData/PDTSC/data/ep_121.02.m##36.17
WorkData/PDTSC/data/ep_121.02.m##45.8
WorkData/PDTSC/data/ep_121.03.m##5.16
WorkData/PDTSC/data/ep_121.04.m##28.2
WorkData/PDTSC/data/ep_121.05.m##14.5
WorkData/PDTSC/data/ep_121.06.m##3.26
WorkData/PDTSC/data/ep_121.06.m##4.1
WorkData/PDTSC/data/ep_121.06.m##7.16
WorkData/PDTSC/data/ep_121.06.m##36.14
WorkData/PDTSC/data/ep_121.07.m##12.9
WorkData/PDTSC/data/ep_121.08.m##6.12
WorkData/PDTSC/data/ep_121.08.m##39.14
WorkData/PDTSC/data/ep_121.08.m##40.15
WorkData/PDTSC/data/ep_121.09.m##30.9
WorkData/PDTSC/data/ep_121.09.m##31.5
WorkData/PDTSC/data/ep_121.09.m##39.14
WorkData/PDTSC/data/ep_121.09.m##49.4
WorkData/PDTSC/data/ep_121.10.m##1.8
WorkData/PDTSC/data/ep_136.00.m##50.25
WorkData/PDTSC/data/ep_136.01.m##12.4
WorkData/PDTSC/data/ep_136.02.m##40.8
WorkData/PDTSC/data/ep_136.02.m##40.9
WorkData/PDTSC/data/ep_136.05.m##37.2
WorkData/PDTSC/data/ep_136.06.m##11.1
WorkData/PDTSC/data/ep_136.06.m##49.4
WorkData/PDTSC/data/ep_141.00.m##29.1
WorkData/PDTSC/data/ep_141.00.m##45.2
WorkData/PDTSC/data/ep_141.01.m##21.1
WorkData/PDTSC/data/ep_141.01.m##43.20
WorkData/PDTSC/data/ep_141.04.m##37.5
WorkData/PDTSC/data/ep_141.04.m##37.16
WorkData/PDTSC/data/ep_141.04.m##38.8
WorkData/PDTSC/data/ep_141.05.m##5.7
WorkData/PDTSC/data/ep_141.06.m##36.6
WorkData/PDTSC/data/ep_148.00.m##13.3
WorkData/PDTSC/data/ep_148.00.m##18.17
WorkData/PDTSC/data/ep_148.01.m##3.4
WorkData/PDTSC/data/ep_148.01.m##6.11
WorkData/PDTSC/data/ep_148.01.m##45.13
WorkData/PDTSC/data/ep_148.01.m##50.1
WorkData/PDTSC/data/ep_148.02.m##14.16
WorkData/PDTSC/data/ep_148.02.m##32.20
WorkData/PDTSC/data/ep_148.02.m##33.6
WorkData/PDTSC/data/ep_148.02.m##33.13
WorkData/PDTSC/data/ep_148.02.m##34.12
WorkData/PDTSC/data/ep_148.02.m##44.11
WorkData/PDTSC/data/ep_148.03.m##25.8
WorkData/PDTSC/data/ep_148.03.m##36.2
WorkData/PDTSC/data/ep_148.04.m##24.14
WorkData/PDTSC/data/ep_148.04.m##25.11
WorkData/PDTSC/data/ep_148.05.m##31.3
WorkData/PDTSC/data/ep_148.05.m##39.6
WorkData/PDTSC/data/ep_148.05.m##40.6
WorkData/PDTSC/data/ep_148.05.m##47.3
WorkData/PDTSC/data/ep_148.05.m##47.7
WorkData/PDTSC/data/ep_148.06.m##31.4
WorkData/PDTSC/data/ep_148.07.m##23.5
WorkData/PDTSC/data/ep_148.07.m##25.3
WorkData/PDTSC/data/ep_148.07.m##42.10
WorkData/PDTSC/data/ep_148.07.m##44.19
WorkData/PDTSC/data/ep_148.07.m##47.12
WorkData/PDTSC/data/ep_148.08.m##9.4
WorkData/PDTSC/data/ep_148.08.m##28.3
WorkData/PDTSC/data/ep_148.08.m##32.17
WorkData/PDTSC/data/ep_148.08.m##39.6
WorkData/PDTSC/data/es_125.02.m##23.5
WorkData/PDTSC/data/es_125.04.m##36.3
WorkData/PDTSC/data/es_125.06.m##4.5
WorkData/PDTSC/data/es_125.06.m##44.1
WorkData/PDTSC/data/es_125.07.m##23.3
WorkData/PDTSC/data/es_125.08.m##3.20
WorkData/PDTSC/data/es_125.08.m##49.10
WorkData/PDTSC/data/es_125.09.m##12.9
WorkData/PDTSC/data/es_125.09.m##13.6
WorkData/PDTSC/data/es_127.01.m##33.4
WorkData/PDTSC/data/es_127.03.m##22.9
WorkData/PDTSC/data/es_127.04.m##15.22
WorkData/PDTSC/data/es_127.05.m##23.18
WorkData/PDTSC/data/es_127.07.m##23.3
WorkData/PDTSC/data/es_127.08.m##33.13
WorkData/PDTSC/data/es_127.09.m##4.9
WorkData/PDTSC/data/es_127.09.m##29.13
WorkData/PDTSC/data/es_127.10.m##48.8
WorkData/PDTSC/data/es_127.11.m##2.17
WorkData/PDTSC/data/es_134.00.m##30.13
WorkData/PDTSC/data/es_134.00.m##31.22
WorkData/PDTSC/data/es_134.01.m##26.7
WorkData/PDTSC/data/es_134.01.m##26.21
WorkData/PDTSC/data/es_134.01.m##30.10
WorkData/PDTSC/data/es_134.01.m##47.3
WorkData/PDTSC/data/es_134.04.m##6.11
WorkData/PDTSC/data/es_134.04.m##7.9
WorkData/PDTSC/data/es_134.05.m##13.3
WorkData/PDTSC/data/es_134.07.m##32.5
WorkData/PDTSC/data/es_134.09.m##18.10
WorkData/PDTSC/data/es_134.10.m##35.5
WorkData/PDTSC/data/es_134.10.m##40.25
WorkData/PDTSC/data/es_135.00.m##28.11
WorkData/PDTSC/data/es_135.00.m##37.4
WorkData/PDTSC/data/es_135.01.m##3.21
WorkData/PDTSC/data/es_135.01.m##14.13
WorkData/PDTSC/data/es_135.02.m##5.9
WorkData/PDTSC/data/es_135.03.m##1.10
WorkData/PDTSC/data/es_135.03.m##1.18
WorkData/PDTSC/data/es_135.03.m##38.12
WorkData/PDTSC/data/es_135.04.m##13.3
WorkData/PDTSC/data/es_135.04.m##42.9
WorkData/PDTSC/data/es_135.07.m##28.8
WorkData/PDTSC/data/es_135.07.m##29.9
WorkData/PDTSC/data/es_135.08.m##16.9
WorkData/PDTSC/data/es_135.08.m##50.6
WorkData/PDTSC/data/es_135.09.m##33.8
WorkData/PDTSC/data/es_135.09.m##34.20
WorkData/PDTSC/data/es_135.10.m##16.5
WorkData/PDTSC/data/es_135.11.m##25.3
WorkData/PDTSC/data/es_139.00.m##34.5
WorkData/PDTSC/data/es_139.01.m##40.4
WorkData/PDTSC/data/es_139.01.m##42.3
WorkData/PDTSC/data/es_139.02.m##26.21
WorkData/PDTSC/data/es_139.03.m##12.5
WorkData/PDTSC/data/es_139.03.m##32.6
WorkData/PDTSC/data/es_139.04.m##48.5
WorkData/PDTSC/data/es_139.05.m##41.16
WorkData/PDTSC/data/es_139.07.m##30.8
WorkData/PDTSC/data/es_139.08.m##16.13
WorkData/PDTSC/data/es_139.08.m##22.16
WorkData/PDTSC/data/es_139.08.m##24.21
WorkData/PDTSC/data/es_139.08.m##30.16
WorkData/PDTSC/data/es_139.08.m##33.2
WorkData/PDTSC/data/es_139.08.m##43.12
WorkData/PDTSC/data/es_149.00.m##40.28
WorkData/PDTSC/data/es_149.00.m##46.5
WorkData/PDTSC/data/es_149.02.m##26.7
WorkData/PDTSC/data/es_149.02.m##26.8
WorkData/PDTSC/data/es_149.02.m##39.10
WorkData/PDTSC/data/es_149.03.m##5.11
WorkData/PDTSC/data/es_149.03.m##23.4
WorkData/PDTSC/data/es_149.04.m##16.20
WorkData/PDTSC/data/es_149.04.m##20.2
WorkData/PDTSC/data/es_149.06.m##26.11
WorkData/PDTSC/data/es_149.08.m##16.10
WorkData/PDTSC/data/es_149.08.m##21.16
WorkData/PDTSC/data/es_149.08.m##37.28
WorkData/PDTSC/data/ez_039.00.m##17.14
WorkData/PDTSC/data/ez_039.02.m##47.4
WorkData/PDTSC/data/ez_039.03.m##50.8
WorkData/PDTSC/data/ez_039.04.m##3.22
WorkData/PDTSC/data/ez_039.04.m##13.10
WorkData/PDTSC/data/ez_039.04.m##27.13
WorkData/PDTSC/data/ez_039.04.m##44.23
WorkData/PDTSC/data/ez_039.05.m##32.13
WorkData/PDTSC/data/ez_039.05.m##43.3
WorkData/PDTSC/data/ez_039.06.m##17.14
WorkData/PDTSC/data/ez_039.06.m##20.4
WorkData/PDTSC/data/ez_039.06.m##22.1
WorkData/PDTSC/data/ez_039.06.m##25.1
WorkData/PDTSC/data/ez_039.06.m##46.16
WorkData/PDTSC/data/ez_039.07.m##29.17
WorkData/PDTSC/data/ez_039.07.m##49.24
WorkData/PDTSC/data/ez_039.07.m##50.13
WorkData/PDTSC/data/ez_039.08.m##5.31
WorkData/PDTSC/data/ez_039.08.m##14.16
WorkData/PDTSC/data/ez_061.00.m##13.6
WorkData/PDTSC/data/ez_061.00.m##23.4
WorkData/PDTSC/data/ez_061.02.m##8.27
WorkData/PDTSC/data/ez_061.02.m##29.3
WorkData/PDTSC/data/ez_061.02.m##45.3
WorkData/PDTSC/data/ez_061.04.m##5.19
WorkData/PDTSC/data/ez_061.05.m##47.1
WorkData/PDTSC/data/ez_061.08.m##46.16
WorkData/PDTSC/data/ez_061.08.m##46.19
WorkData/PDTSC/data/ez_061.09.m##30.8
WorkData/PDTSC/data/ez_061.09.m##32.6
WorkData/PDTSC/data/ez_061.10.m##38.1
WorkData/PDTSC/data/ez_122.03.m##7.11
WorkData/PDTSC/data/ez_122.03.m##27.13
WorkData/PDTSC/data/ez_122.06.m##2.12
WorkData/PDTSC/data/ez_122.08.m##5.12
WorkData/PDTSC/data/ez_122.08.m##30.2
WorkData/PDTSC/data/ez_126.00.m##49.3
WorkData/PDTSC/data/ez_126.03.m##47.15
WorkData/PDTSC/data/ez_126.04.m##45.7
WorkData/PDTSC/data/ez_126.12.m##3.9
WorkData/PDTSC/data/ez_128.00.m##42.5
WorkData/PDTSC/data/ez_128.04.m##27.4
WorkData/PDTSC/data/ez_128.05.m##25.18
WorkData/PDTSC/data/ez_128.05.m##40.5
WorkData/PDTSC/data/ez_128.05.m##43.6
WorkData/PDTSC/data/ez_128.07.m##33.10
WorkData/PDTSC/data/ez_131.08.m##1.1
WorkData/PDTSC/data/ez_131.08.m##33.12
WorkData/PDTSC/data/ez_131.11.m##4.11
WorkData/PDTSC/data/ez_144.00.m##22.11
WorkData/PDTSC/data/ez_144.01.m##13.6
WorkData/PDTSC/data/ez_144.03.m##28.2
WorkData/PDTSC/data/ez_144.03.m##31.6
WorkData/PDTSC/data/hg_005.00.m##29.2
WorkData/PDTSC/data/hg_005.05.m##10.3
WorkData/PDTSC/data/hg_005.08.m##18.4
WorkData/PDTSC/data/hg_005.10.m##19.2
WorkData/PDTSC/data/hg_005.11.m##7.12
WorkData/PDTSC/data/hg_005.11.m##32.8
WorkData/PDTSC/data/hg_005.12.m##17.3
WorkData/PDTSC/data/hg_006.01.m##37.11
WorkData/PDTSC/data/hg_006.02.m##15.1
WorkData/PDTSC/data/hg_006.04.m##40.5
WorkData/PDTSC/data/hg_006.05.m##4.2
WorkData/PDTSC/data/hg_006.06.m##3.4
WorkData/PDTSC/data/hg_006.06.m##9.3
WorkData/PDTSC/data/hg_006.07.m##12.5
WorkData/PDTSC/data/hg_006.07.m##27.6
WorkData/PDTSC/data/hg_006.07.m##30.13
WorkData/PDTSC/data/hg_006.07.m##36.13
WorkData/PDTSC/data/hg_006.08.m##14.14
WorkData/PDTSC/data/hg_006.08.m##25.1
WorkData/PDTSC/data/hg_022.00.m##4.1
WorkData/PDTSC/data/hg_022.00.m##9.4
WorkData/PDTSC/data/hg_022.01.m##11.2
WorkData/PDTSC/data/hg_022.02.m##36.4
WorkData/PDTSC/data/hg_022.02.m##40.5
WorkData/PDTSC/data/hg_022.08.m##14.7
WorkData/PDTSC/data/hg_022.08.m##34.4
WorkData/PDTSC/data/hg_022.11.m##18.8
WorkData/PDTSC/data/hg_028.00.m##49.2
WorkData/PDTSC/data/hg_028.03.m##13.2
WorkData/PDTSC/data/hg_028.03.m##23.11
WorkData/PDTSC/data/hg_028.05.m##28.9
WorkData/PDTSC/data/hg_028.05.m##39.3
WorkData/PDTSC/data/hg_028.08.m##2.8
WorkData/PDTSC/data/hg_028.09.m##36.1
WorkData/PDTSC/data/hg_028.10.m##22.17
WorkData/PDTSC/data/hg_028.10.m##32.11
WorkData/PDTSC/data/hg_028.10.m##49.5
WorkData/PDTSC/data/hg_714.00.m##12.23
WorkData/PDTSC/data/hg_714.02.m##41.3
WorkData/PDTSC/data/hg_714.04.m##26.3
WorkData/PDTSC/data/hg_783.00.m##23.8
WorkData/PDTSC/data/hg_783.02.m##25.3
WorkData/PDTSC/data/hg_783.02.m##27.14
WorkData/PDTSC/data/hg_783.02.m##38.15
WorkData/PDTSC/data/hg_783.02.m##48.16
WorkData/PDTSC/data/hg_783.04.m##22.18
WorkData/PDTSC/data/hg_783.04.m##26.8
WorkData/PDTSC/data/hg_783.04.m##34.10
WorkData/PDTSC/data/hg_783.05.m##30.1
WorkData/PDTSC/data/hg_951.00.m##4.14
WorkData/PDTSC/data/hg_951.01.m##1.7
WorkData/PDTSC/data/hg_951.01.m##2.11
WorkData/PDTSC/data/hg_951.01.m##2.12
WorkData/PDTSC/data/hg_951.02.m##39.7
WorkData/PDTSC/data/hg_973.00.m##14.6
WorkData/PDTSC/data/hg_973.00.m##14.7
WorkData/PDTSC/data/hg_973.00.m##14.15
WorkData/PDTSC/data/hg_973.01.m##30.7
WorkData/PDTSC/data/hg_973.01.m##30.9
WorkData/PDTSC/data/hg_973.02.m##49.11
WorkData/PDTSC/data/hg_973.03.m##10.18
WorkData/PDTSC/data/hg_973.04.m##6.6
WorkData/PDTSC/data/hg_973.05.m##31.7
WorkData/PDTSC/data/hg_973.05.m##35.1
WorkData/PDTSC/data/hg_974.00.m##45.22
WorkData/PDTSC/data/hg_974.01.m##21.19
WorkData/PDTSC/data/hg_974.02.m##30.8
WorkData/PDTSC/data/hg_975.03.m##15.16
WorkData/PDTSC/data/hg_975.05.m##5.4
WorkData/PDTSC/data/hg_981.00.m##29.14
WorkData/PDTSC/data/hg_981.00.m##29.15
WorkData/PDTSC/data/hg_981.01.m##12.12
WorkData/PDTSC/data/hg_981.01.m##33.3
WorkData/PDTSC/data/hg_981.02.m##5.15
WorkData/PDTSC/data/hg_981.02.m##11.12
WorkData/PDTSC/data/hg_981.02.m##13.18
WorkData/PDTSC/data/hg_981.02.m##14.15
WorkData/PDTSC/data/hg_981.02.m##15.8
WorkData/PDTSC/data/hg_981.03.m##11.13
WorkData/PDTSC/data/hg_981.03.m##26.4
WorkData/PDTSC/data/hg_981.03.m##26.7
WorkData/PDTSC/data/hg_981.03.m##44.7
WorkData/PDTSC/data/hg_983.00.m##36.4
WorkData/PDTSC/data/hg_983.00.m##37.6
WorkData/PDTSC/data/hg_983.00.m##39.12
WorkData/PDTSC/data/hg_983.01.m##11.3
WorkData/PDTSC/data/hg_983.01.m##23.2
WorkData/PDTSC/data/hg_983.01.m##24.1
WorkData/PDTSC/data/hg_983.01.m##28.4
WorkData/PDTSC/data/hg_983.02.m##2.8
WorkData/PDTSC/data/hg_983.02.m##35.1
WorkData/PDTSC/data/hg_983.02.m##37.23
WorkData/PDTSC/data/hg_983.02.m##45.8
WorkData/PDTSC/data/hg_983.03.m##24.15
WorkData/PDTSC/data/hg_983.04.m##32.5
WorkData/PDTSC/data/hg_991.00.m##41.9
WorkData/PDTSC/data/hg_991.02.m##18.1
WorkData/PDTSC/data/hg_991.04.m##7.6
WorkData/PDTSC/data/hg_991.04.m##36.2
WorkData/PDTSC/data/hs_002.00.m##12.4
WorkData/PDTSC/data/hs_002.04.m##24.2
WorkData/PDTSC/data/hs_002.06.m##27.18
WorkData/PDTSC/data/hs_002.07.m##34.5
WorkData/PDTSC/data/hs_004.01.m##25.3
WorkData/PDTSC/data/hs_004.02.m##22.12
WorkData/PDTSC/data/hs_032.00.m##13.20
WorkData/PDTSC/data/hs_032.00.m##25.13
WorkData/PDTSC/data/hs_032.00.m##32.15
WorkData/PDTSC/data/hs_032.00.m##40.2
WorkData/PDTSC/data/hs_032.02.m##7.7
WorkData/PDTSC/data/hs_032.02.m##18.3
WorkData/PDTSC/data/hs_044.00.m##3.4
WorkData/PDTSC/data/hs_044.00.m##26.7
WorkData/PDTSC/data/hs_044.02.m##47.8
WorkData/PDTSC/data/hs_044.05.m##25.11
WorkData/PDTSC/data/hs_044.10.m##38.3
WorkData/PDTSC/data/hs_048.03.m##28.3
WorkData/PDTSC/data/hs_048.03.m##31.2
WorkData/PDTSC/data/hs_048.06.m##6.6
WorkData/PDTSC/data/hs_048.09.m##14.8
WorkData/PDTSC/data/hs_048.09.m##22.11
WorkData/PDTSC/data/hs_048.09.m##35.7
WorkData/PDTSC/data/hs_048.09.m##50.2
WorkData/PDTSC/data/hs_049.01.m##8.2
WorkData/PDTSC/data/hs_049.04.m##22.14
WorkData/PDTSC/data/hs_049.08.m##42.3
WorkData/PDTSC/data/hs_049.09.m##6.1
WorkData/PDTSC/data/hs_049.09.m##39.1
WorkData/PDTSC/data/hs_049.16.m##42.5
WorkData/PDTSC/data/hs_049.16.m##43.6
WorkData/PDTSC/data/hs_049.17.m##24.7
WorkData/PDTSC/data/hs_049.17.m##33.1
WorkData/PDTSC/data/hs_049.18.m##21.2
WorkData/PDTSC/data/hs_049.18.m##24.8
WorkData/PDTSC/data/hs_050.04.m##26.5
WorkData/PDTSC/data/hs_050.08.m##29.5
WorkData/PDTSC/data/hs_055.01.m##2.8
WorkData/PDTSC/data/hs_055.03.m##9.4
WorkData/PDTSC/data/hs_055.03.m##10.3
WorkData/PDTSC/data/hs_055.03.m##19.4
WorkData/PDTSC/data/hs_055.04.m##3.11
WorkData/PDTSC/data/hs_055.04.m##33.4
WorkData/PDTSC/data/hs_055.10.m##32.9
WorkData/PDTSC/data/hs_104.01.m##11.5
WorkData/PDTSC/data/hs_104.01.m##26.14
WorkData/PDTSC/data/hs_104.01.m##37.15
WorkData/PDTSC/data/hs_104.03.m##17.25
WorkData/PDTSC/data/hs_104.05.m##17.15
WorkData/PDTSC/data/hs_104.06.m##38.12
WorkData/PDTSC/data/hs_104.07.m##2.6
WorkData/PDTSC/data/hs_104.12.m##50.5
WorkData/PDTSC/data/hs_104.13.m##18.7
WorkData/PDTSC/data/hs_116.03.m##16.6
WorkData/PDTSC/data/hs_120.02.m##28.5
WorkData/PDTSC/data/hs_120.02.m##28.11
WorkData/PDTSC/data/hs_120.03.m##49.13
WorkData/PDTSC/data/hs_120.09.m##1.9
WorkData/PDTSC/data/hs_130.05.m##21.4
WorkData/PDTSC/data/hs_130.07.m##14.4
WorkData/PDTSC/data/hs_130.09.m##27.5
WorkData/PDTSC/data/hs_130.10.m##29.7
WorkData/PDTSC/data/hs_130.12.m##28.4
WorkData/PDTSC/data/jg_017.01.m##35.13
WorkData/PDTSC/data/jg_017.01.m##35.22
WorkData/PDTSC/data/jg_017.02.m##7.10
WorkData/PDTSC/data/jg_017.07.m##43.7
WorkData/PDTSC/data/jg_017.08.m##21.4
WorkData/PDTSC/data/jg_017.08.m##21.5
WorkData/PDTSC/data/jg_017.09.m##20.9
WorkData/PDTSC/data/jg_017.09.m##20.10
WorkData/PDTSC/data/jg_017.10.m##8.8
WorkData/PDTSC/data/jg_019.01.m##12.18
WorkData/PDTSC/data/jg_019.01.m##41.6
WorkData/PDTSC/data/jg_019.02.m##21.5
WorkData/PDTSC/data/jg_019.03.m##17.2
WorkData/PDTSC/data/jg_019.06.m##48.1
WorkData/PDTSC/data/jg_019.10.m##26.9
WorkData/PDTSC/data/jg_019.10.m##31.9
WorkData/PDTSC/data/jg_026.00.m##45.4
WorkData/PDTSC/data/jg_026.01.m##28.1
WorkData/PDTSC/data/jg_026.02.m##1.5
WorkData/PDTSC/data/jg_026.02.m##45.5
WorkData/PDTSC/data/jg_052.01.m##21.1
WorkData/PDTSC/data/jg_057.02.m##13.18
WorkData/PDTSC/data/jg_057.07.m##17.16
WorkData/PDTSC/data/jg_057.08.m##2.3
WorkData/PDTSC/data/jg_774.01.m##21.6
WorkData/PDTSC/data/jg_774.01.m##22.17
WorkData/PDTSC/data/jg_774.01.m##25.11
WorkData/PDTSC/data/jg_774.01.m##30.5
WorkData/PDTSC/data/jg_774.01.m##43.16
WorkData/PDTSC/data/jg_774.02.m##4.8
WorkData/PDTSC/data/jg_774.02.m##4.9
WorkData/PDTSC/data/jg_774.02.m##39.4
WorkData/PDTSC/data/jg_784.02.m##49.6
WorkData/PDTSC/data/jg_784.04.m##8.14
WorkData/PDTSC/data/jg_784.05.m##8.13
WorkData/PDTSC/data/jg_791.00.m##45.1
WorkData/PDTSC/data/jg_791.02.m##14.1
WorkData/PDTSC/data/jg_791.03.m##12.11
WorkData/PDTSC/data/jg_791.04.m##1.5
WorkData/PDTSC/data/jg_793.00.m##8.5
WorkData/PDTSC/data/jg_793.01.m##39.1
WorkData/PDTSC/data/jg_793.02.m##39.5
WorkData/PDTSC/data/jg_911.00.m##26.12
WorkData/PDTSC/data/jg_911.02.m##5.13
WorkData/PDTSC/data/jg_911.03.m##5.16
WorkData/PDTSC/data/jg_911.03.m##47.10
WorkData/PDTSC/data/jg_911.04.m##1.10
WorkData/PDTSC/data/jg_915.00.m##10.15
WorkData/PDTSC/data/jg_915.01.m##18.19
WorkData/PDTSC/data/jg_915.02.m##23.12
WorkData/PDTSC/data/jg_915.02.m##47.11
WorkData/PDTSC/data/jg_915.03.m##20.4
WorkData/PDTSC/data/jg_984.01.m##3.8
WorkData/PDTSC/data/jg_984.03.m##27.8
WorkData/PDTSC/data/jg_984.05.m##40.4
WorkData/PDTSC/data/ju_027.01.m##45.4
WorkData/PDTSC/data/ju_027.02.m##1.4
WorkData/PDTSC/data/ju_027.02.m##2.7
WorkData/PDTSC/data/ju_027.02.m##6.19
WorkData/PDTSC/data/ju_027.02.m##25.9
WorkData/PDTSC/data/ju_027.03.m##20.8
WorkData/PDTSC/data/ju_027.03.m##22.26
WorkData/PDTSC/data/ju_027.03.m##26.5
WorkData/PDTSC/data/ju_027.03.m##30.2
WorkData/PDTSC/data/ju_027.03.m##30.4
WorkData/PDTSC/data/ju_027.03.m##33.6
WorkData/PDTSC/data/ju_027.04.m##1.27
WorkData/PDTSC/data/ju_027.05.m##23.18
WorkData/PDTSC/data/ju_027.05.m##50.3
WorkData/PDTSC/data/ju_027.06.m##15.9
WorkData/PDTSC/data/ju_027.08.m##28.3
WorkData/PDTSC/data/ju_027.09.m##11.3
WorkData/PDTSC/data/ju_027.10.m##33.6
WorkData/PDTSC/data/ju_027.10.m##49.3
WorkData/PDTSC/data/ju_027.11.m##25.12
WorkData/PDTSC/data/ju_027.12.m##13.7
WorkData/PDTSC/data/ju_027.12.m##27.8
WorkData/PDTSC/data/ju_038.01.m##35.10
WorkData/PDTSC/data/ju_038.04.m##4.5
WorkData/PDTSC/data/ju_038.05.m##47.1
WorkData/PDTSC/data/ju_038.05.m##47.7
WorkData/PDTSC/data/ju_038.08.m##10.7
WorkData/PDTSC/data/ju_038.08.m##27.4
WorkData/PDTSC/data/ju_038.08.m##30.7
WorkData/PDTSC/data/ju_038.09.m##19.8
WorkData/PDTSC/data/ju_038.11.m##48.3
WorkData/PDTSC/data/jv_105.05.m##25.5
WorkData/PDTSC/data/jv_105.09.m##5.14
WorkData/PDTSC/data/jv_105.10.m##17.3
WorkData/PDTSC/data/jv_108.01.m##43.9
WorkData/PDTSC/data/jv_108.02.m##36.2
WorkData/PDTSC/data/jv_108.04.m##44.4
WorkData/PDTSC/data/jv_108.10.m##40.10
WorkData/PDTSC/data/jv_133.01.m##5.2
WorkData/PDTSC/data/jv_133.08.m##29.4
WorkData/PDTSC/data/jv_133.08.m##33.8
WorkData/PDTSC/data/jv_133.10.m##15.3
WorkData/PDTSC/data/jv_133.10.m##15.4
WorkData/PDTSC/data/lk_010.03.m##19.11
WorkData/PDTSC/data/lk_010.03.m##25.4
WorkData/PDTSC/data/lk_010.08.m##10.6
WorkData/PDTSC/data/lk_012.00.m##18.9
WorkData/PDTSC/data/lk_012.02.m##40.3
WorkData/PDTSC/data/lk_012.03.m##40.18
WorkData/PDTSC/data/lk_012.03.m##42.6
WorkData/PDTSC/data/lk_012.04.m##22.11
WorkData/PDTSC/data/lk_012.08.m##2.1
WorkData/PDTSC/data/lk_016.01.m##3.4
WorkData/PDTSC/data/lk_016.01.m##10.9
WorkData/PDTSC/data/lk_016.01.m##15.3
WorkData/PDTSC/data/lk_016.01.m##34.2
WorkData/PDTSC/data/lk_016.02.m##37.19
WorkData/PDTSC/data/lk_016.03.m##46.15
WorkData/PDTSC/data/lk_016.05.m##47.22
WorkData/PDTSC/data/lk_016.06.m##15.3
WorkData/PDTSC/data/lk_021.00.m##48.4
WorkData/PDTSC/data/lk_021.00.m##50.5
WorkData/PDTSC/data/lk_021.02.m##29.10
WorkData/PDTSC/data/lk_021.04.m##17.9
WorkData/PDTSC/data/lk_021.04.m##34.6
WorkData/PDTSC/data/lk_021.06.m##5.4
WorkData/PDTSC/data/lk_021.06.m##15.11
WorkData/PDTSC/data/lk_021.07.m##15.5
WorkData/PDTSC/data/lk_021.08.m##41.3
WorkData/PDTSC/data/lk_021.09.m##33.2
WorkData/PDTSC/data/lk_023.02.m##12.7
WorkData/PDTSC/data/lk_023.02.m##41.9
WorkData/PDTSC/data/lk_023.06.m##32.4
WorkData/PDTSC/data/lk_023.08.m##34.12
WorkData/PDTSC/data/lk_023.09.m##17.1
WorkData/PDTSC/data/lk_023.09.m##22.5
WorkData/PDTSC/data/lk_035.01.m##19.15
WorkData/PDTSC/data/lk_035.02.m##43.3
WorkData/PDTSC/data/lk_035.02.m##43.7
WorkData/PDTSC/data/lk_035.06.m##6.2
WorkData/PDTSC/data/lk_035.07.m##42.13
WorkData/PDTSC/data/lk_035.09.m##38.2
WorkData/PDTSC/data/lk_035.09.m##40.5
WorkData/PDTSC/data/lk_035.09.m##41.8
WorkData/PDTSC/data/lk_035.10.m##46.15
WorkData/PDTSC/data/lk_035.13.m##14.15
WorkData/PDTSC/data/lk_037.01.m##33.4
WorkData/PDTSC/data/lk_037.07.m##42.16
WorkData/PDTSC/data/lk_059.01.m##49.5
WorkData/PDTSC/data/lk_060.02.m##6.5
WorkData/PDTSC/data/lk_060.05.m##15.4
WorkData/PDTSC/data/lk_060.09.m##7.26
WorkData/PDTSC/data/lk_109.01.m##4.7
WorkData/PDTSC/data/lk_109.04.m##21.13
WorkData/PDTSC/data/lk_109.05.m##5.12
WorkData/PDTSC/data/lk_109.05.m##47.7
WorkData/PDTSC/data/lk_109.07.m##18.13
WorkData/PDTSC/data/lk_109.07.m##20.18
WorkData/PDTSC/data/lk_109.08.m##13.15
WorkData/PDTSC/data/lk_109.10.m##25.8
WorkData/PDTSC/data/lk_123.00.m##23.6
WorkData/PDTSC/data/lk_123.00.m##23.12
WorkData/PDTSC/data/lk_123.00.m##34.16
WorkData/PDTSC/data/lk_123.01.m##2.17
WorkData/PDTSC/data/lk_123.01.m##17.8
WorkData/PDTSC/data/lk_123.04.m##36.4
WorkData/PDTSC/data/lk_123.07.m##8.22
WorkData/PDTSC/data/lk_123.07.m##23.4
WorkData/PDTSC/data/lk_123.07.m##23.8
WorkData/PDTSC/data/lk_137.03.m##45.16
WorkData/PDTSC/data/lk_137.04.m##35.11
WorkData/PDTSC/data/lk_137.05.m##41.5
WorkData/PDTSC/data/lk_137.06.m##14.1
WorkData/PDTSC/data/lk_137.08.m##28.3
WorkData/PDTSC/data/lk_137.10.m##34.5
WorkData/PDTSC/data/lk_137.11.m##7.1
WorkData/PDTSC/data/lk_711.04.m##13.12
WorkData/PDTSC/data/lk_713.00.m##48.4
WorkData/PDTSC/data/lk_713.01.m##10.12
WorkData/PDTSC/data/lk_713.03.m##16.10
WorkData/PDTSC/data/lk_713.03.m##16.12
WorkData/PDTSC/data/lk_713.03.m##40.3
WorkData/PDTSC/data/lk_713.04.m##10.6
WorkData/PDTSC/data/lk_713.05.m##50.15
WorkData/PDTSC/data/lk_713.06.m##2.8
WorkData/PDTSC/data/lk_713.06.m##2.10
WorkData/PDTSC/data/lk_794.00.m##25.1
WorkData/PDTSC/data/lk_794.00.m##47.8
WorkData/PDTSC/data/lk_794.01.m##20.12
WorkData/PDTSC/data/lk_794.01.m##25.17
WorkData/PDTSC/data/lk_794.01.m##50.16
WorkData/PDTSC/data/lk_794.02.m##27.5
WorkData/PDTSC/data/lk_794.03.m##19.16
WorkData/PDTSC/data/lk_796.00.m##26.7
WorkData/PDTSC/data/lk_796.03.m##20.16
WorkData/PDTSC/data/lk_796.04.m##44.14
WorkData/PDTSC/data/lk_797.00.m##23.11
WorkData/PDTSC/data/lk_797.00.m##40.16
WorkData/PDTSC/data/lk_797.00.m##41.2
WorkData/PDTSC/data/lk_797.00.m##42.7
WorkData/PDTSC/data/lk_797.01.m##34.27
WorkData/PDTSC/data/lk_797.01.m##42.6
WorkData/PDTSC/data/lk_943.00.m##31.4
WorkData/PDTSC/data/lk_943.00.m##44.7
WorkData/PDTSC/data/lk_943.00.m##46.13
WorkData/PDTSC/data/lk_943.01.m##1.5
WorkData/PDTSC/data/lk_943.01.m##12.4
WorkData/PDTSC/data/lk_943.01.m##18.13
WorkData/PDTSC/data/lk_953.00.m##37.3
WorkData/PDTSC/data/lk_953.02.m##28.15
WorkData/PDTSC/data/lk_953.03.m##20.9
WorkData/PDTSC/data/ml_007.01.m##4.2
WorkData/PDTSC/data/ml_007.02.m##18.3
WorkData/PDTSC/data/ml_007.03.m##17.9
WorkData/PDTSC/data/ml_007.05.m##47.1
WorkData/PDTSC/data/ml_007.07.m##19.6
WorkData/PDTSC/data/ml_007.07.m##32.29
WorkData/PDTSC/data/ml_007.08.m##30.3
WorkData/PDTSC/data/ml_007.08.m##33.14
WorkData/PDTSC/data/ml_007.08.m##34.3
WorkData/PDTSC/data/ml_007.09.m##23.17
WorkData/PDTSC/data/ml_007.09.m##50.3
WorkData/PDTSC/data/ml_007.10.m##4.17
WorkData/PDTSC/data/ml_007.11.m##22.9
WorkData/PDTSC/data/ml_007.11.m##22.11
WorkData/PDTSC/data/ml_007.11.m##22.13
WorkData/PDTSC/data/ml_007.11.m##32.6
WorkData/PDTSC/data/ml_007.11.m##35.2
WorkData/PDTSC/data/ml_007.11.m##36.3
WorkData/PDTSC/data/ml_007.11.m##36.9
WorkData/PDTSC/data/ml_007.11.m##42.9
WorkData/PDTSC/data/ml_009.00.m##32.2
WorkData/PDTSC/data/ml_009.01.m##3.11
WorkData/PDTSC/data/ml_009.01.m##15.4
WorkData/PDTSC/data/ml_009.01.m##40.25
WorkData/PDTSC/data/ml_009.03.m##17.8
WorkData/PDTSC/data/ml_009.04.m##46.4
WorkData/PDTSC/data/ml_009.06.m##16.2
WorkData/PDTSC/data/ml_009.07.m##2.3
WorkData/PDTSC/data/ml_009.09.m##45.2
WorkData/PDTSC/data/ml_013.01.m##47.4
WorkData/PDTSC/data/ml_013.03.m##31.5
WorkData/PDTSC/data/ml_013.03.m##33.16
WorkData/PDTSC/data/ml_013.09.m##10.4
WorkData/PDTSC/data/ml_013.09.m##35.15
WorkData/PDTSC/data/ml_014.00.m##43.24
WorkData/PDTSC/data/ml_014.01.m##48.5
WorkData/PDTSC/data/ml_014.02.m##13.5
WorkData/PDTSC/data/ml_014.06.m##12.2
WorkData/PDTSC/data/ml_014.07.m##21.20
WorkData/PDTSC/data/ml_014.07.m##47.15
WorkData/PDTSC/data/ml_014.09.m##33.11
WorkData/PDTSC/data/ml_024.06.m##45.2
WorkData/PDTSC/data/ml_024.08.m##3.3
WorkData/PDTSC/data/ml_024.11.m##29.5
WorkData/PDTSC/data/ml_025.02.m##34.1
WorkData/PDTSC/data/ml_025.04.m##20.1
WorkData/PDTSC/data/ml_025.07.m##11.4
WorkData/PDTSC/data/ml_029.03.m##35.4
WorkData/PDTSC/data/ml_029.06.m##44.11
WorkData/PDTSC/data/ml_029.06.m##44.12
WorkData/PDTSC/data/ml_029.08.m##41.22
WorkData/PDTSC/data/ml_029.10.m##27.6
WorkData/PDTSC/data/ml_029.11.m##14.3
WorkData/PDTSC/data/ml_031.00.m##29.2
WorkData/PDTSC/data/ml_031.10.m##17.1
WorkData/PDTSC/data/ml_036.00.m##21.1
WorkData/PDTSC/data/ml_036.02.m##24.2
WorkData/PDTSC/data/ml_036.05.m##9.27
WorkData/PDTSC/data/ml_043.03.m##4.5
WorkData/PDTSC/data/ml_043.04.m##25.5
WorkData/PDTSC/data/ml_043.04.m##26.11
WorkData/PDTSC/data/ml_043.05.m##14.4
WorkData/PDTSC/data/ml_043.08.m##18.10
WorkData/PDTSC/data/ml_043.09.m##31.5
WorkData/PDTSC/data/ml_043.12.m##8.10
WorkData/PDTSC/data/ml_043.12.m##8.12
WorkData/PDTSC/data/ml_053.00.m##32.1
WorkData/PDTSC/data/ml_053.00.m##39.6
WorkData/PDTSC/data/ml_053.01.m##12.3
WorkData/PDTSC/data/ml_053.01.m##15.4
WorkData/PDTSC/data/ml_053.03.m##2.7
WorkData/PDTSC/data/ml_053.05.m##36.1
WorkData/PDTSC/data/ml_053.06.m##2.1
WorkData/PDTSC/data/ml_053.07.m##4.20
WorkData/PDTSC/data/ml_053.09.m##4.19
WorkData/PDTSC/data/ml_053.09.m##21.11
WorkData/PDTSC/data/ml_053.09.m##24.2
WorkData/PDTSC/data/ml_106.02.m##14.12
WorkData/PDTSC/data/ml_106.02.m##28.7
WorkData/PDTSC/data/ml_106.03.m##24.1
WorkData/PDTSC/data/ml_106.04.m##18.4
WorkData/PDTSC/data/ml_106.05.m##20.4
WorkData/PDTSC/data/ml_106.05.m##36.3
WorkData/PDTSC/data/ml_106.06.m##1.2
WorkData/PDTSC/data/ml_106.06.m##7.4
WorkData/PDTSC/data/ml_106.06.m##7.18
WorkData/PDTSC/data/ml_106.07.m##17.4
WorkData/PDTSC/data/ml_106.07.m##27.2
WorkData/PDTSC/data/ml_113.01.m##40.4
WorkData/PDTSC/data/ml_113.04.m##6.22
WorkData/PDTSC/data/ml_113.05.m##5.1
WorkData/PDTSC/data/ml_113.05.m##5.2
WorkData/PDTSC/data/ml_118.00.m##39.8
WorkData/PDTSC/data/ml_118.03.m##28.15
WorkData/PDTSC/data/ml_118.07.m##2.4
WorkData/PDTSC/data/ml_118.07.m##26.5
WorkData/PDTSC/data/ml_118.08.m##8.10
WorkData/PDTSC/data/ml_118.09.m##11.13
WorkData/PDTSC/data/ml_124.00.m##19.50
WorkData/PDTSC/data/ml_124.00.m##48.11
WorkData/PDTSC/data/ml_124.00.m##48.19
WorkData/PDTSC/data/ml_124.02.m##16.16
WorkData/PDTSC/data/ml_124.02.m##26.5
WorkData/PDTSC/data/ml_124.02.m##26.10
WorkData/PDTSC/data/ml_124.02.m##26.18
WorkData/PDTSC/data/ml_124.02.m##26.28
WorkData/PDTSC/data/ml_124.04.m##14.1
WorkData/PDTSC/data/ml_124.05.m##40.12
WorkData/PDTSC/data/ml_124.06.m##7.16
WorkData/PDTSC/data/ml_124.07.m##15.8
WorkData/PDTSC/data/ml_124.07.m##47.12
WorkData/PDTSC/data/ml_124.07.m##49.5
WorkData/PDTSC/data/ml_124.07.m##50.14
WorkData/PDTSC/data/ml_124.08.m##2.16
WorkData/PDTSC/data/ml_124.08.m##3.5
WorkData/PDTSC/data/ml_124.08.m##4.8
WorkData/PDTSC/data/ml_124.08.m##7.6
WorkData/PDTSC/data/ml_124.09.m##5.11
WorkData/PDTSC/data/ml_124.09.m##26.9
WorkData/PDTSC/data/ml_124.09.m##38.10
WorkData/PDTSC/data/ml_124.10.m##22.12
WorkData/PDTSC/data/ml_129.06.m##24.10
WorkData/PDTSC/data/ml_129.07.m##16.5
WorkData/PDTSC/data/ml_129.10.m##26.12
WorkData/PDTSC/data/ml_129.12.m##28.2
WorkData/PDTSC/data/ml_129.13.m##27.9
WorkData/PDTSC/data/ml_142.00.m##14.6
WorkData/PDTSC/data/ml_142.01.m##47.5
WorkData/PDTSC/data/ml_142.03.m##8.4
WorkData/PDTSC/data/ml_142.03.m##28.12
WorkData/PDTSC/data/ml_142.04.m##39.9
WorkData/PDTSC/data/ml_142.05.m##11.3
WorkData/PDTSC/data/ml_142.08.m##36.26
WorkData/PDTSC/data/ml_142.08.m##36.35
WorkData/PDTSC/data/ml_142.08.m##40.10
WorkData/PDTSC/data/ml_142.09.m##14.1
WorkData/PDTSC/data/ml_142.09.m##31.6
WorkData/PDTSC/data/ml_142.09.m##31.21
WorkData/PDTSC/data/ml_142.09.m##41.7
WorkData/PDTSC/data/ml_795.00.m##10.16
WorkData/PDTSC/data/ml_795.00.m##33.11
WorkData/PDTSC/data/ml_795.00.m##49.15
WorkData/PDTSC/data/ml_795.01.m##37.9
WorkData/PDTSC/data/ml_916.02.m##16.10
WorkData/PDTSC/data/ml_941.03.m##22.3
WorkData/PDTSC/data/ml_941.03.m##27.3
WorkData/PDTSC/data/ml_941.03.m##49.5
WorkData/PDTSC/data/ml_976.00.m##21.7
WorkData/PDTSC/data/ml_976.01.m##33.14
WorkData/PDTSC/data/ml_976.03.m##23.1
WorkData/PDTSC/data/ml_977.00.m##16.21
WorkData/PDTSC/data/ml_977.01.m##37.11
WorkData/PDTSC/data/ml_977.02.m##24.17
WorkData/PDTSC/data/ml_977.03.m##22.12
WorkData/PDTSC/data/ml_977.04.m##19.5
WorkData/PDTSC/data/ml_977.04.m##26.4
WorkData/PDTSC/data/ml_977.05.m##3.11
WorkData/PDTSC/data/ml_977.05.m##25.10
WorkData/PDTSC/data/ml_985.03.m##19.14
WorkData/PDTSC/data/ml_985.03.m##22.4
WorkData/PDTSC/data/ml_985.03.m##32.8
WorkData/PDTSC/data/ml_985.03.m##32.9
WorkData/PDTSC/data/ml_994.00.m##50.4
WorkData/PDTSC/data/ml_994.01.m##48.2
WorkData/PDTSC/data/pk_015.00.m##12.6
WorkData/PDTSC/data/pk_015.03.m##35.9
WorkData/PDTSC/data/pk_015.03.m##38.3
WorkData/PDTSC/data/pk_015.03.m##39.9
WorkData/PDTSC/data/pk_015.03.m##44.6
WorkData/PDTSC/data/pk_015.03.m##45.5
WorkData/PDTSC/data/pk_015.03.m##49.3
WorkData/PDTSC/data/pk_015.04.m##9.7
WorkData/PDTSC/data/pk_015.04.m##20.17
WorkData/PDTSC/data/pk_015.04.m##24.7
WorkData/PDTSC/data/pk_015.04.m##45.4
WorkData/PDTSC/data/pk_015.05.m##31.9
WorkData/PDTSC/data/pk_015.06.m##12.4
WorkData/PDTSC/data/pk_015.06.m##13.8
WorkData/PDTSC/data/pk_015.06.m##19.5
WorkData/PDTSC/data/pk_015.06.m##31.3
WorkData/PDTSC/data/pk_015.07.m##16.3
WorkData/PDTSC/data/pk_015.09.m##6.4
WorkData/PDTSC/data/pk_015.10.m##23.5
WorkData/PDTSC/data/pk_015.10.m##23.7
WorkData/PDTSC/data/pk_015.12.m##18.11
WorkData/PDTSC/data/pk_015.12.m##26.8
WorkData/PDTSC/data/pk_015.12.m##27.13
WorkData/PDTSC/data/pk_018.03.m##33.2
WorkData/PDTSC/data/pk_040.05.m##45.15
WorkData/PDTSC/data/pk_040.09.m##23.4
WorkData/PDTSC/data/pk_040.11.m##15.5
WorkData/PDTSC/data/pk_040.12.m##13.1
WorkData/PDTSC/data/pk_143.04.m##39.4
WorkData/PDTSC/data/pk_143.09.m##22.3
WorkData/PDTSC/data/ps_003.04.m##25.15
WorkData/PDTSC/data/ps_003.06.m##39.5
WorkData/PDTSC/data/ps_003.06.m##40.4
WorkData/PDTSC/data/ps_033.03.m##7.2
WorkData/PDTSC/data/ps_033.07.m##39.14
WorkData/PDTSC/data/ps_058.01.m##19.6
WorkData/PDTSC/data/ps_058.02.m##2.2
WorkData/PDTSC/data/ps_058.05.m##21.5
WorkData/PDTSC/data/ps_058.05.m##38.11
WorkData/PDTSC/data/ps_058.06.m##1.18
WorkData/PDTSC/data/ps_058.06.m##27.10
WorkData/PDTSC/data/ps_058.07.m##29.15
WorkData/PDTSC/data/ps_101.07.m##16.7
WorkData/PDTSC/data/ps_101.08.m##6.4
WorkData/PDTSC/data/ps_112.02.m##5.4
WorkData/PDTSC/data/ps_112.02.m##19.5
WorkData/PDTSC/data/ps_112.05.m##13.10
WorkData/PDTSC/data/ps_112.06.m##4.15
WorkData/PDTSC/data/ps_112.06.m##49.12
WorkData/PDTSC/data/ps_112.07.m##22.3
WorkData/PDTSC/data/ps_112.07.m##22.5
WorkData/PDTSC/data/ps_112.09.m##15.14
WorkData/PDTSC/data/ak_001.01.p/ak_001.01_JI.m##42.12
WorkData/PDTSC/data/ak_001.01.p/ak_001.01_PK.m##32.7
WorkData/PDTSC/data/ak_001.04.p/ak_001.04_JI.m##7.4
WorkData/PDTSC/data/ak_001.04.p/ak_001.04_JS.m##7.4
WorkData/PDTSC/data/ak_001.04.p/ak_001.04_MB.m##7.4
WorkData/PDTSC/data/ak_001.04.p/ak_001.04_MB.m##21.40
WorkData/PDTSC/data/ak_001.04.p/ak_001.04_PK.m##7.4
WorkData/PDTSC/data/ak_001.04.p/ak_001.04_PK.m##21.40
WorkData/PDTSC/data/ak_001.04.p/ak_001.04_PK.m##39.5
WorkData/PDTSC/data/ak_145.01.p/ak_145.01_PK.m##15.10
WorkData/PDTSC/data/ak_145.02.p/ak_145.02_LS.m##24.12
WorkData/PDTSC/data/ak_145.02.p/ak_145.02_PK.m##24.12
WorkData/PDTSC/data/ak_145.02.p/ak_145.02_PK.m##24.18
WorkData/PDTSC/data/ak_145.03.p/ak_145.03_LS.m##35.3
WorkData/PDTSC/data/ak_145.03.p/ak_145.03_PK.m##35.3
WorkData/PDTSC/data/ak_145.04.p/ak_145.04_LS.m##40.10
WorkData/PDTSC/data/ak_145.04.p/ak_145.04_PK.m##40.10
WorkData/PDTSC/data/ak_145.07.p/ak_145.07_LS.m##1.4
WorkData/PDTSC/data/ak_145.07.p/ak_145.07_LS.m##6.2
WorkData/PDTSC/data/ak_145.07.p/ak_145.07_PK.m##1.4
WorkData/PDTSC/data/ak_145.07.p/ak_145.07_PK.m##6.2
WorkData/PDTSC/data/ak_145.09.p/ak_145.09_LS.m##33.3
WorkData/PDTSC/data/ak_145.09.p/ak_145.09_PK.m##33.3
WorkData/PDTSC/data/ak_145.12.p/ak_145.12_PK.m##28.2
WorkData/PDTSC/data/ak_145.13.p/ak_145.13_PK.m##18.9
WorkData/PDTSC/data/jg_913.00.p/jg_913.00_PK1.m##37.13
WorkData/PDTSC/data/jg_913.00.p/jg_913.00_PK1.m##41.10
WorkData/PDTSC/data/jg_913.00.p/jg_913.00_PK1.m##43.9
WorkData/PDTSC/data/jg_913.00.p/jg_913.00_PK2.m##15.12
WorkData/PDTSC/data/jg_913.00.p/jg_913.00_PK2.m##37.13
WorkData/PDTSC/data/jg_913.00.p/jg_913.00_PK2.m##41.10
WorkData/PDTSC/data/jg_913.00.p/jg_913.00_PK2.m##43.9
WorkData/PDTSC/data/jg_913.01.p/jg_913.01_PK1.m##48.8
WorkData/PDTSC/data/jg_913.01.p/jg_913.01_PK2.m##48.8
WorkData/PDTSC/data/jg_913.02.p/jg_913.02_PK1.m##13.15
WorkData/PDTSC/data/jg_913.02.p/jg_913.02_PK1.m##25.19
WorkData/PDTSC/data/jg_913.02.p/jg_913.02_PK2.m##13.15
WorkData/PDTSC/data/jg_913.02.p/jg_913.02_PK2.m##25.19
WorkData/PDTSC/data/jg_914.00.p/jg_914.00_PK1.m##5.11
WorkData/PDTSC/data/jg_914.00.p/jg_914.00_PK2.m##5.11
WorkData/PDTSC/data/jg_914.01.p/jg_914.01_JI.m##17.10
WorkData/PDTSC/data/jg_914.01.p/jg_914.01_MB.m##17.10
WorkData/PDTSC/data/jg_914.01.p/jg_914.01_MB.m##32.2
WorkData/PDTSC/data/jg_914.01.p/jg_914.01_PK1.m##17.10
WorkData/PDTSC/data/jg_914.01.p/jg_914.01_PK2.m##17.10
WorkData/PDTSC/data/jg_914.01.p/jg_914.01_ZV.m##17.10
WorkData/PDTSC/data/jg_914.02.p/jg_914.02_JI.m##2.1
WorkData/PDTSC/data/jg_914.02.p/jg_914.02_JI.m##37.1
WorkData/PDTSC/data/jg_914.02.p/jg_914.02_MB.m##2.1
WorkData/PDTSC/data/jg_914.02.p/jg_914.02_MB.m##37.1
WorkData/PDTSC/data/jg_914.02.p/jg_914.02_PK1.m##2.1
WorkData/PDTSC/data/jg_914.02.p/jg_914.02_PK1.m##37.1
WorkData/PDTSC/data/jg_914.02.p/jg_914.02_PK2.m##2.1
WorkData/PDTSC/data/jg_914.02.p/jg_914.02_PK2.m##37.1
WorkData/PDTSC/data/jg_914.02.p/jg_914.02_ZV.m##2.1
WorkData/PDTSC/data/jg_914.02.p/jg_914.02_ZV.m##29.6
WorkData/PDTSC/data/jg_914.02.p/jg_914.02_ZV.m##37.1
WorkData/PDTSC/data/lk_944.00.p/lk_944.00_MB.m##10.22
WorkData/PDTSC/data/lk_944.00.p/lk_944.00_ZV.m##10.22
WorkData/PDTSC/data/lk_944.01.p/lk_944.01_JI.m##28.10
WorkData/PDTSC/data/lk_944.01.p/lk_944.01_MB.m##28.10
WorkData/PDTSC/data/lk_944.01.p/lk_944.01_PK.m##28.10
WorkData/PDTSC/data/lk_944.01.p/lk_944.01_ZV.m##28.10
WorkData/PDTSC/data/lk_944.02.p/lk_944.02_JI.m##25.11
WorkData/PDTSC/data/lk_944.02.p/lk_944.02_JI.m##28.4
WorkData/PDTSC/data/lk_944.02.p/lk_944.02_MB.m##25.11
WorkData/PDTSC/data/lk_944.02.p/lk_944.02_PK.m##25.11
WorkData/PDTSC/data/lk_944.02.p/lk_944.02_ZV.m##25.11
WorkData/PDTSC/data/lk_944.02.p/lk_944.02_ZV.m##28.4
WorkData/PDTSC/data/lk_954.00.p/lk_954.00_JI.m##48.3
WorkData/PDTSC/data/lk_954.01.p/lk_954.01_JI.m##19.15
WorkData/PDTSC/data/lk_954.01.p/lk_954.01_JI.m##35.13
WorkData/PDTSC/data/lk_954.01.p/lk_954.01_JI.m##36.2
WorkData/PDTSC/data/lk_954.01.p/lk_954.01_JS.m##19.15
WorkData/PDTSC/data/lk_954.01.p/lk_954.01_JS.m##35.13
WorkData/PDTSC/data/lk_954.01.p/lk_954.01_LS.m##19.15
WorkData/PDTSC/data/lk_954.01.p/lk_954.01_LS.m##35.13
WorkData/PDTSC/data/lk_954.01.p/lk_954.01_MB.m##35.13
WorkData/PDTSC/data/lk_954.01.p/lk_954.01_PK.m##19.15
WorkData/PDTSC/data/lk_954.01.p/lk_954.01_PK.m##35.13
WorkData/PDTSC/data/lk_954.01.p/lk_954.01_ZV.m##19.15
WorkData/PDTSC/data/lk_954.01.p/lk_954.01_ZV.m##35.13
WorkData/PDTSC/data/ml_119.00.p/ml_119.00_PK1.m##4.7
WorkData/PDTSC/data/ml_119.00.p/ml_119.00_PK2.m##4.7
WorkData/PDTSC/data/ml_119.01.p/ml_119.01_PK2.m##28.8
WorkData/PDTSC/data/ml_119.03.p/ml_119.03_PK1.m##25.4
WorkData/PDTSC/data/ml_119.03.p/ml_119.03_PK1.m##37.7
WorkData/PDTSC/data/ml_119.03.p/ml_119.03_PK2.m##25.4
WorkData/PDTSC/data/ml_119.03.p/ml_119.03_PK2.m##37.7
WorkData/PDTSC/data/ml_119.04.p/ml_119.04_PK2.m##9.3
WorkData/PDTSC/data/ml_119.06.p/ml_119.06_PK1.m##50.8
WorkData/PDTSC/data/ml_119.06.p/ml_119.06_PK2.m##20.5
WorkData/PDTSC/data/ml_119.06.p/ml_119.06_PK2.m##50.8
WorkData/PDTSC/data/ml_119.07.p/ml_119.07_PK1.m##14.1
WorkData/PDTSC/data/ml_119.08.p/ml_119.08_PK1.m##11.1
WorkData/PDTSC/data/ml_119.09.p/ml_119.09_PK1.m##49.5
WorkData/PDTSC/data/ml_119.09.p/ml_119.09_PK2.m##49.5
WorkData/PDTSC/data/ml_119.13.p/ml_119.13_PK1.m##27.13
WorkData/PDTSC/data/ml_119.13.p/ml_119.13_PK2.m##27.13
WorkData/PDTSC/data/ml_119.13.p/ml_119.13_PK2.m##46.2
