WorkData/PDT/data/amw/dtest/mf920924_071.p/mf920924_071_MB.m##8.2
WorkData/PDT/data/amw/dtest/mf920924_071.p/mf920924_071_MB.m##8.2
WorkData/PDT/data/amw/dtest/vesm9303_055.p/vesm9303_055_LS.m##9.9
WorkData/PDT/data/amw/dtest/vesm9303_055.p/vesm9303_055_LS.m##10.2
WorkData/PDT/data/amw/dtest/vesm9303_055.p/vesm9303_055_LS.m##12.11
WorkData/PDT/data/amw/train-5/mf920923_043.m##9.14
WorkData/PDT/data/amw/train-6/cmpr9417_011.m##52.12
WorkData/PDT/data/amw/train-8/vesm9211_028.m##11.19
WorkData/PDT/data/amw/train-8/vesm9211_028.m##13.24
WorkData/PDT/data/amw/train-8/vesm9211_028.m##25.21
WorkData/PDT/data/amw/train-8/vesm9211_038.m##17.3
WorkData/PDT/data/mw/dtest/mf930708_108.m##2.1
WorkData/PDT/data/mw/train-2/lnd92253_062.m##169.10
WorkData/PDT/data/mw/train-2/lnd92255_117.m##46.4
WorkData/PDT/data/tamw/dtest/ln94205_111.m##5.9
WorkData/PDT/data/tamw/etest/ln94204_31.m##5.7
WorkData/PDT/data/tamw/train-4/ln94204_1.m##10.12
WorkData/PDT/data/tamw/train-5/mf920925_070.m##5.8
WorkData/PDT/data/tamw/train-6/cmpr9415_012.m##11.10
WorkData/PDT/data/tamw/train-6/ln94200_173.m##21.22
WorkData/PDT/data/tamw/train-6/ln94206_88.m##13.8
WorkData/PDT/data/tamw/train-6/ln94207_105.m##48.12
WorkData/PDT/data/tamw/train-8/ln94204_102.m##10.26
WorkData/PDT/data/tamw/train-8/ln94204_139.m##24.9
WorkData/PDT/data/tamw/train-8/ln94204_139.m##28.9
WorkData/PDT/data/tamw/train-8/ln94206_26.m##6.17
